---
source: crates/tests/src/hole.rs
expression: code
---
ast_builder . expression_object (SPAN , ast_builder . vec1 (ast_builder . object_property_kind_object_property (SPAN , PropertyKind :: Init , ast_builder . property_key_expression (__1__) , __2__ , false , false , true ,)) , None)
